### Step 2A
/Users/Khaleesi

### Step 2B
cd Desktop/

### Step 2C
cd unit1-git-practice/

### Step 2D
/Users/Khaleesi/Desktop/unit1-git-practice

### Step 2E
unit1-git-practice Khaleesi$ ls

### Step 2F
my-steps.txt

### Step 2G
cd /

### Step 2H
/

### Step 2I
Applications	Volumes		etc		sbin
Library		bin		home		tmp
System		cores		opt		usr
Users		dev		private		var

### Step 2J
cd ~

### Step 2K
cd Desktop/unit1-git-practice/


### Step 3A
mkdir veggies
mkdir meats
mkdir desserts

### Step 3B
mv desserts sweets

### Step 3C
mkdir proteins

### Step 3D
mv meats proteins

### Step 3E
cd veggies/
touch carrot.txt pea.txt

### Step 3F
cd ..
cd sweets/
touch cookie.txt

### Step 3G
mv cookie.txt donut.txt

### Step 3H
cd ..
touch thing.txt

### Step 3I
cp thing.txt tofu.txt

### Step 3J
mv tofu.txt proteins

### Step 3K
cp thing.txt crab.txt
mv crab.txt proteins/meats

### Step 3L
cd ..
rm thing.txt

### Step 3M
cp -r veggies plants

### Step 3N
mkdir drinks
rm -r drinks

### Step 4
$ git init
Initialized empty Git repository in /Users/Khaleesi/Desktop/unit1-git-practice/.git/
$ git add .
$ git commit -m "First commit for Unit 1 Git Practice"
[main (root-commit) 26e85ee] First commit for Unit 1 Git Practice
 11 files changed, 99 insertions(+)
 create mode 100644 .DS_Store
 create mode 100644 menu.txt
 create mode 100644 my-steps.txt
 create mode 100644 plants/carrot.txt
 create mode 100644 plants/pea.txt
 create mode 100644 proteins/.DS_Store
 create mode 100644 proteins/meats/crab.txt
 create mode 100644 proteins/tofu.txt
 create mode 100644 sweets/donut.txt
 create mode 100644 veggies/carrot.txt
 create mode 100644 veggies/pea.txt


### Step 5
$ git branch -M main
$ git push -u origin main
Username for 'https://github.com': achahine92
Password for 'https://achahine92@github.com': 
Enumerating objects: 10, done.
Counting objects: 100% (10/10), done.
Delta compression using up to 4 threads
Compressing objects: 100% (7/7), done.
Writing objects: 100% (10/10), 1.71 KiB | 438.00 KiB/s, done.
Total 10 (delta 1), reused 0 (delta 0), pack-reused 0
remote: Resolving deltas: 100% (1/1), done.
To https://github.com/achahine92/Unit-1-Git-Practice.git
 * [new branch]      main -> main
branch 'main' set up to track 'origin/main'.

### Step 6
$ ls
my-steps.txt	plants		proteins	sweets		veggies
Amandas-MBP-2:unit1-git-practice Khaleesi$ touch menu.txt
Amandas-MBP-2:unit1-git-practice Khaleesi$ ls
menu.txt	plants		sweets
my-steps.txt	proteins	veggies
Amandas-MBP-2:unit1-git-practice Khaleesi$ git status
On branch main
Your branch is ahead of 'origin/main' by 1 commit.
  (use "git push" to publish your local commits)

Changes not staged for commit:
  (use "git add <file>..." to update what will be committed)
  (use "git restore <file>..." to discard changes in working directory)
	modified:   .DS_Store
	modified:   my-steps.txt

no changes added to commit (use "git add" and/or "git commit -a")
$ git add .
$ git commit -m "Starting a menu"
[main beebc5e] Starting a menu
 2 files changed, 31 insertions(+), 1 deletion(-)
$ git push
Enumerating objects: 10, done.
Counting objects: 100% (10/10), done.
Delta compression using up to 4 threads
Compressing objects: 100% (7/7), done.
Writing objects: 100% (7/7), 1.61 KiB | 1.61 MiB/s, done.
Total 7 (delta 4), reused 0 (delta 0), pack-reused 0
remote: Resolving deltas: 100% (4/4), completed with 2 local objects.
To https://github.com/achahine92/Unit-1-Git-Practice.git
   26e85ee..beebc5e  main -> main

### Step 7
*** DO NOT RECORD STEP 7 ***